
Error: IPC channel is already disconnected
    at ChildProcess.target.disconnect (node:internal/child_process:905:26)
    at QueryProcessWrapper.destroy (D:\Github\pokemon-showdown\lib\process-manager.ts:203:16)
    at QueryProcessWrapper.release (D:\Github\pokemon-showdown\lib\process-manager.ts:189:9)
    at QueryProcessManager.releaseCrashed (D:\Github\pokemon-showdown\lib\process-manager.ts:455:16)
    at ChildProcess.<anonymous> (D:\Github\pokemon-showdown\lib\process-manager.ts:512:47)
    at ChildProcess.emit (node:events:518:28)
    at ChildProcess.emit (node:domain:488:12)
    at finish (node:internal/child_process:935:14)
    at processTicksAndRejections (node:internal/process/task_queues:77:11)

Error: IPC channel is already disconnected
    at ChildProcess.target.disconnect (node:internal/child_process:905:26)
    at QueryProcessWrapper.destroy (D:\Github\pokemon-showdown\lib\process-manager.ts:203:16)
    at QueryProcessWrapper.release (D:\Github\pokemon-showdown\lib\process-manager.ts:189:9)
    at QueryProcessManager.releaseCrashed (D:\Github\pokemon-showdown\lib\process-manager.ts:455:16)
    at ChildProcess.<anonymous> (D:\Github\pokemon-showdown\lib\process-manager.ts:512:47)
    at ChildProcess.emit (node:events:518:28)
    at ChildProcess.emit (node:domain:488:12)
    at finish (node:internal/child_process:935:14)
    at processTicksAndRejections (node:internal/process/task_queues:77:11)

Error: IPC channel is already disconnected
    at ChildProcess.target.disconnect (node:internal/child_process:905:26)
    at StreamProcessWrapper.destroy (D:\Github\pokemon-showdown\lib\process-manager.ts:320:16)
    at StreamProcessWrapper.release (D:\Github\pokemon-showdown\lib\process-manager.ts:306:14)
    at StreamProcessManager.releaseCrashed (D:\Github\pokemon-showdown\lib\process-manager.ts:455:16)
    at ChildProcess.<anonymous> (D:\Github\pokemon-showdown\lib\process-manager.ts:512:47)
    at ChildProcess.emit (node:events:518:28)
    at ChildProcess.emit (node:domain:488:12)
    at finish (node:internal/child_process:935:14)
    at processTicksAndRejections (node:internal/process/task_queues:77:11)

Error: IPC channel is already disconnected
    at ChildProcess.target.disconnect (node:internal/child_process:905:26)
    at QueryProcessWrapper.destroy (D:\Github\pokemon-showdown\lib\process-manager.ts:203:16)
    at QueryProcessWrapper.release (D:\Github\pokemon-showdown\lib\process-manager.ts:189:9)
    at QueryProcessManager.releaseCrashed (D:\Github\pokemon-showdown\lib\process-manager.ts:455:16)
    at ChildProcess.<anonymous> (D:\Github\pokemon-showdown\lib\process-manager.ts:512:47)
    at ChildProcess.emit (node:events:518:28)
    at ChildProcess.emit (node:domain:488:12)
    at finish (node:internal/child_process:935:14)
    at processTicksAndRejections (node:internal/process/task_queues:77:11)

Error: IPC channel is already disconnected
    at ChildProcess.target.disconnect (node:internal/child_process:905:26)
    at QueryProcessWrapper.destroy (D:\Github\pokemon-showdown\lib\process-manager.ts:203:16)
    at QueryProcessWrapper.release (D:\Github\pokemon-showdown\lib\process-manager.ts:189:9)
    at QueryProcessManager.releaseCrashed (D:\Github\pokemon-showdown\lib\process-manager.ts:455:16)
    at ChildProcess.<anonymous> (D:\Github\pokemon-showdown\lib\process-manager.ts:512:47)
    at ChildProcess.emit (node:events:518:28)
    at ChildProcess.emit (node:domain:488:12)
    at finish (node:internal/child_process:935:14)
    at processTicksAndRejections (node:internal/process/task_queues:77:11)

Error: IPC channel is already disconnected
    at ChildProcess.target.disconnect (node:internal/child_process:905:26)
    at QueryProcessWrapper.destroy (D:\Github\pokemon-showdown\lib\process-manager.ts:203:16)
    at QueryProcessWrapper.release (D:\Github\pokemon-showdown\lib\process-manager.ts:189:9)
    at SQLDatabaseManager.releaseCrashed (D:\Github\pokemon-showdown\lib\process-manager.ts:455:16)
    at ChildProcess.<anonymous> (D:\Github\pokemon-showdown\lib\process-manager.ts:512:47)
    at ChildProcess.emit (node:events:518:28)
    at ChildProcess.emit (node:domain:488:12)
    at finish (node:internal/child_process:935:14)
    at processTicksAndRejections (node:internal/process/task_queues:77:11)

TypeError: Cannot read properties of null (reading 'then')
    at RawProcessManager.releaseCrashed (D:\Github\pokemon-showdown\lib\process-manager.ts:455:24)
    at Worker.<anonymous> (D:\Github\pokemon-showdown\lib\process-manager.ts:512:47)
    at Worker.emit (node:events:518:28)
    at Worker.emit (node:domain:488:12)
    at ChildProcess.<anonymous> (node:internal/cluster/primary:209:12)
    at Object.onceWrapper (node:events:632:28)
    at ChildProcess.emit (node:events:518:28)
    at ChildProcess.emit (node:domain:488:12)
    at finish (node:internal/child_process:935:14)
    at processTicksAndRejections (node:internal/process/task_queues:77:11)

Error: IPC channel is already disconnected
    at ChildProcess.target.disconnect (node:internal/child_process:905:26)
    at QueryProcessWrapper.destroy (D:\Github\pokemon-showdown\lib\process-manager.ts:203:16)
    at QueryProcessWrapper.release (D:\Github\pokemon-showdown\lib\process-manager.ts:189:9)
    at QueryProcessManager.releaseCrashed (D:\Github\pokemon-showdown\lib\process-manager.ts:455:16)
    at ChildProcess.<anonymous> (D:\Github\pokemon-showdown\lib\process-manager.ts:512:47)
    at ChildProcess.emit (node:events:518:28)
    at ChildProcess.emit (node:domain:488:12)
    at finish (node:internal/child_process:935:14)
    at processTicksAndRejections (node:internal/process/task_queues:77:11)

Error: IPC channel is already disconnected
    at ChildProcess.target.disconnect (node:internal/child_process:905:26)
    at StreamProcessWrapper.destroy (D:\Github\pokemon-showdown\lib\process-manager.ts:320:16)
    at StreamProcessWrapper.release (D:\Github\pokemon-showdown\lib\process-manager.ts:306:14)
    at StreamProcessManager.releaseCrashed (D:\Github\pokemon-showdown\lib\process-manager.ts:455:16)
    at ChildProcess.<anonymous> (D:\Github\pokemon-showdown\lib\process-manager.ts:512:47)
    at ChildProcess.emit (node:events:518:28)
    at ChildProcess.emit (node:domain:488:12)
    at finish (node:internal/child_process:935:14)
    at processTicksAndRejections (node:internal/process/task_queues:77:11)

Error: IPC channel is already disconnected
    at ChildProcess.target.disconnect (node:internal/child_process:905:26)
    at QueryProcessWrapper.destroy (D:\Github\pokemon-showdown\lib\process-manager.ts:203:16)
    at QueryProcessWrapper.release (D:\Github\pokemon-showdown\lib\process-manager.ts:189:9)
    at QueryProcessManager.releaseCrashed (D:\Github\pokemon-showdown\lib\process-manager.ts:455:16)
    at ChildProcess.<anonymous> (D:\Github\pokemon-showdown\lib\process-manager.ts:512:47)
    at ChildProcess.emit (node:events:518:28)
    at ChildProcess.emit (node:domain:488:12)
    at finish (node:internal/child_process:935:14)
    at processTicksAndRejections (node:internal/process/task_queues:77:11)

Error: IPC channel is already disconnected
    at ChildProcess.target.disconnect (node:internal/child_process:905:26)
    at QueryProcessWrapper.destroy (D:\Github\pokemon-showdown\lib\process-manager.ts:203:16)
    at QueryProcessWrapper.release (D:\Github\pokemon-showdown\lib\process-manager.ts:189:9)
    at SQLDatabaseManager.releaseCrashed (D:\Github\pokemon-showdown\lib\process-manager.ts:455:16)
    at ChildProcess.<anonymous> (D:\Github\pokemon-showdown\lib\process-manager.ts:512:47)
    at ChildProcess.emit (node:events:518:28)
    at ChildProcess.emit (node:domain:488:12)
    at finish (node:internal/child_process:935:14)
    at processTicksAndRejections (node:internal/process/task_queues:77:11)

Error: IPC channel is already disconnected
    at ChildProcess.target.disconnect (node:internal/child_process:905:26)
    at QueryProcessWrapper.destroy (D:\Github\pokemon-showdown\lib\process-manager.ts:203:16)
    at QueryProcessWrapper.release (D:\Github\pokemon-showdown\lib\process-manager.ts:189:9)
    at QueryProcessManager.releaseCrashed (D:\Github\pokemon-showdown\lib\process-manager.ts:455:16)
    at ChildProcess.<anonymous> (D:\Github\pokemon-showdown\lib\process-manager.ts:512:47)
    at ChildProcess.emit (node:events:518:28)
    at ChildProcess.emit (node:domain:488:12)
    at finish (node:internal/child_process:935:14)
    at processTicksAndRejections (node:internal/process/task_queues:77:11)

Error: IPC channel is already disconnected
    at ChildProcess.target.disconnect (node:internal/child_process:905:26)
    at QueryProcessWrapper.destroy (D:\Github\pokemon-showdown\lib\process-manager.ts:203:16)
    at QueryProcessWrapper.release (D:\Github\pokemon-showdown\lib\process-manager.ts:189:9)
    at QueryProcessManager.releaseCrashed (D:\Github\pokemon-showdown\lib\process-manager.ts:455:16)
    at ChildProcess.<anonymous> (D:\Github\pokemon-showdown\lib\process-manager.ts:512:47)
    at ChildProcess.emit (node:events:518:28)
    at ChildProcess.emit (node:domain:488:12)
    at finish (node:internal/child_process:935:14)
    at processTicksAndRejections (node:internal/process/task_queues:77:11)

Error: IPC channel is already disconnected
    at ChildProcess.target.disconnect (node:internal/child_process:905:26)
    at QueryProcessWrapper.destroy (D:\Github\pokemon-showdown\lib\process-manager.ts:203:16)
    at QueryProcessWrapper.release (D:\Github\pokemon-showdown\lib\process-manager.ts:189:9)
    at QueryProcessManager.releaseCrashed (D:\Github\pokemon-showdown\lib\process-manager.ts:455:16)
    at ChildProcess.<anonymous> (D:\Github\pokemon-showdown\lib\process-manager.ts:512:47)
    at ChildProcess.emit (node:events:518:28)
    at ChildProcess.emit (node:domain:488:12)
    at finish (node:internal/child_process:935:14)
    at processTicksAndRejections (node:internal/process/task_queues:77:11)

TypeError: Cannot read properties of null (reading 'then')
    at RawProcessManager.releaseCrashed (D:\Github\pokemon-showdown\lib\process-manager.ts:455:24)
    at Worker.<anonymous> (D:\Github\pokemon-showdown\lib\process-manager.ts:512:47)
    at Worker.emit (node:events:518:28)
    at Worker.emit (node:domain:488:12)
    at ChildProcess.<anonymous> (node:internal/cluster/primary:209:12)
    at Object.onceWrapper (node:events:632:28)
    at ChildProcess.emit (node:events:518:28)
    at ChildProcess.emit (node:domain:488:12)
    at finish (node:internal/child_process:935:14)
    at processTicksAndRejections (node:internal/process/task_queues:77:11)
